// Jest Snapshot v1, https://goo.gl/fbAQLP

exports[`Test RowInfo render row info item 1`] = `
<View
  style={
    Object {
      "flexDirection": "row",
    }
  }
>
  <View
    style={
      Array [
        Object {
          "flex": 1,
        },
        undefined,
      ]
    }
  >
    <Text
      style={
        Array [
          Object {
            "color": "#8C8C8C",
            "fontFamily": "SFProDisplay-Regular",
            "fontSize": 14,
            "lineHeight": 22,
            "textAlign": "left",
            "textDecorationLine": "none",
          },
          Object {
            "marginTop": 8,
          },
        ]
      }
    >
      Left title
    </Text>
    <Text
      style={
        Array [
          Object {
            "color": "#262626",
            "fontFamily": "SFProDisplay-Regular",
            "fontSize": 14,
            "lineHeight": 22,
            "textAlign": "left",
            "textDecorationLine": "none",
          },
          Object {
            "marginTop": 8,
          },
        ]
      }
    >
      Left value
          
    </Text>
  </View>
  <View
    style={
      Array [
        Object {
          "flex": 1,
        },
        Object {
          "paddingLeft": 16,
        },
      ]
    }
  >
    <Text
      style={
        Array [
          Object {
            "color": "#8C8C8C",
            "fontFamily": "SFProDisplay-Regular",
            "fontSize": 14,
            "lineHeight": 22,
            "textAlign": "left",
            "textDecorationLine": "none",
          },
          Object {
            "marginTop": 8,
          },
        ]
      }
    >
      Right title
    </Text>
    <Text
      style={
        Array [
          Object {
            "color": "#262626",
            "fontFamily": "SFProDisplay-Regular",
            "fontSize": 14,
            "lineHeight": 22,
            "textAlign": "left",
            "textDecorationLine": "none",
          },
          Object {
            "marginTop": 8,
          },
        ]
      }
    >
      Right value
          
    </Text>
  </View>
</View>
`;
