// Jest Snapshot v1, https://goo.gl/fbAQLP

exports[`Test Today create Today 1`] = `
<View>
  <Text
    style={
      Array [
        Object {
          "color": "#000",
          "fontFamily": "SFProDisplay-Semibold",
          "fontSize": undefined,
          "lineHeight": undefined,
          "textAlign": "left",
          "textDecorationLine": "none",
        },
        Object {
          "color": "#262626",
          "fontSize": 20,
        },
      ]
    }
  >
    HÃ´m nay, 24th January
  </Text>
</View>
`;
