// Jest Snapshot v1, https://goo.gl/fbAQLP

exports[`Test TimeCountDownText render TimeCountDownText 1`] = `
<View
  style={
    Object {
      "alignItems": "center",
      "borderRadius": 2,
      "elevation": 1,
      "height": 48,
      "marginRight": 4,
      "shadowColor": "#000000",
      "shadowOffset": Object {
        "height": 3,
        "width": 2,
      },
      "shadowOpacity": 0.1,
      "shadowRadius": 2,
      "width": 32,
    }
  }
>
  <View
    style={
      Object {
        "backgroundColor": "#F5F5F5",
        "borderTopLeftRadius": 2,
        "borderTopRightRadius": 2,
        "height": 24,
        "position": "absolute",
        "width": 32,
      }
    }
  />
  <View
    style={
      Object {
        "backgroundColor": "#E8E8E8",
        "borderBottomLeftRadius": 2,
        "borderBottomRightRadius": 2,
        "height": 24,
        "position": "absolute",
        "top": 24,
        "width": 32,
      }
    }
  />
  <Text
    style={
      Array [
        Object {
          "color": "red",
          "fontFamily": "SFProDisplay-Semibold",
          "fontSize": 24,
          "lineHeight": 32,
          "textAlign": "left",
          "textDecorationLine": "none",
        },
        Object {
          "marginTop": 8,
          "textAlign": "center",
          "width": 32,
        },
      ]
    }
    testID="TIME_COUNT_DOWN_TEXT"
  >
    02
  </Text>
</View>
`;
