// Jest Snapshot v1, https://goo.gl/fbAQLP

exports[`Test ArriveItem render ArriveItem 1`] = `
<View
  accessible={true}
  focusable={true}
  onClick={[Function]}
  onResponderGrant={[Function]}
  onResponderMove={[Function]}
  onResponderRelease={[Function]}
  onResponderTerminate={[Function]}
  onResponderTerminationRequest={[Function]}
  onStartShouldSetResponder={[Function]}
  style={
    Object {
      "alignItems": "center",
      "borderColor": "#E8E8E8",
      "borderWidth": 1,
      "marginRight": 16,
      "opacity": 1,
      "paddingVertical": 8,
      "width": 80,
    }
  }
  testID="ARRIVE_ITEM"
>
  <Text
    style={
      Array [
        Object {
          "color": "#262626",
          "fontFamily": "SFProDisplay-Regular",
          "fontSize": 14,
          "lineHeight": 22,
          "textAlign": "left",
          "textDecorationLine": "none",
        },
        Object {
          "marginBottom": 4,
        },
      ]
    }
  >
    4:34 AM
  </Text>
  <Text
    style={
      Array [
        Object {
          "color": "#8C8C8C",
          "fontFamily": "SFProDisplay-Regular",
          "fontSize": 12,
          "lineHeight": 20,
          "textAlign": "left",
          "textDecorationLine": "none",
        },
        Object {},
      ]
    }
  >
    20.000 Ä‘
  </Text>
</View>
`;
