// Jest Snapshot v1, https://goo.gl/fbAQLP

exports[`Test ItemQuickAction render sensor quick action with no action 1`] = `<View />`;
