// Jest Snapshot v1, https://goo.gl/fbAQLP

exports[`Test LinearChart render LinearChart 1`] = `
<View
  style={
    Object {
      "backgroundColor": "#FFFFFF",
      "flex": 1,
      "justifyContent": "center",
      "marginRight": 24,
      "marginTop": 24,
    }
  }
>
  <View />
</View>
`;
