// Jest Snapshot v1, https://goo.gl/fbAQLP

exports[`Test MyUnit create MyUnit 1`] = `
<View
  style={
    Object {
      "backgroundColor": "#FFFFFF",
      "flex": 1,
      "flexDirection": "row",
      "justifyContent": "center",
      "paddingBottom": 16,
    }
  }
>
  <RCTScrollView
    CellRendererComponent={[Function]}
    activeSlideAlignment="center"
    activeSlideOffset={20}
    apparitionDelay={0}
    automaticallyAdjustContentInsets={false}
    autoplay={false}
    autoplayDelay={1000}
    autoplayInterval={3000}
    callbackOffsetMargin={5}
    containerCustomStyle={Object {}}
    contentContainerCustomStyle={Object {}}
    contentContainerStyle={
      Array [
        Object {
          "paddingLeft": 16,
          "paddingRight": 16,
        },
        Object {},
      ]
    }
    data={
      Array [
        Object {
          "abstract_sensors": Array [],
          "name": "unittest 1",
        },
      ]
    }
    decelerationRate="fast"
    directionalLockEnabled={true}
    disableScrollViewPanResponder={false}
    disableVirtualization={false}
    enableSnap={true}
    firstItem={0}
    forwardedRef={[Function]}
    getItem={[Function]}
    getItemCount={[Function]}
    getItemLayout={[Function]}
    hasParallaxImages={false}
    horizontal={true}
    inactiveSlideOpacity={0.7}
    inactiveSlideScale={1}
    inactiveSlideShift={0}
    initialNumToRender={7}
    initialScrollIndex={0}
    invertStickyHeaders={false}
    inverted={false}
    itemWidth={718}
    keyExtractor={[Function]}
    layout="default"
    loop={false}
    loopClonesPerSide={3}
    maxToRenderPerBatch={11}
    onContentSizeChange={[Function]}
    onEndReachedThreshold={2}
    onLayout={[Function]}
    onMomentumScrollEnd={[Function]}
    onScroll={[Function]}
    onScrollBeginDrag={[Function]}
    onScrollEndDrag={[Function]}
    onTouchEnd={[Function]}
    onTouchStart={[Function]}
    overScrollMode="never"
    pinchGestureEnabled={false}
    pointerEvents="auto"
    removeClippedSubviews={false}
    renderItem={[Function]}
    scrollEnabled={true}
    scrollEventThrottle={1}
    scrollsToTop={false}
    shouldOptimizeUpdates={true}
    showsHorizontalScrollIndicator={false}
    showsVerticalScrollIndicator={false}
    slideStyle={Object {}}
    sliderWidth={750}
    snapToOffsets={
      Array [
        0,
      ]
    }
    stickyHeaderIndices={Array []}
    style={
      Object {
        "flexDirection": "row",
        "width": 750,
      }
    }
    updateCellsBatchingPeriod={50}
    useExperimentalSnap={false}
    useScrollView={false}
    vertical={false}
    viewabilityConfigCallbackPairs={Array []}
    windowSize={11}
  >
    <View>
      <View
        CellRendererComponent={[Function]}
        cellKey="flatlist-item-0"
        fillRateHelper={
          FillRateHelper {
            "_anyBlankStartTime": null,
            "_enabled": false,
            "_getFrameMetrics": [Function],
            "_info": Info {
              "any_blank_count": 0,
              "any_blank_ms": 0,
              "any_blank_speed_sum": 0,
              "mostly_blank_count": 0,
              "mostly_blank_ms": 0,
              "pixels_blank": 0,
              "pixels_sampled": 0,
              "pixels_scrolled": 0,
              "sample_count": 0,
              "total_time_spent": 0,
            },
            "_mostlyBlankStartTime": null,
            "_samplesStartTime": null,
          }
        }
        horizontal={true}
        index={0}
        inversionStyle={null}
        item={
          Object {
            "abstract_sensors": Array [],
            "name": "unittest 1",
          }
        }
        onUnmount={[Function]}
        onUpdateSeparators={[Function]}
        parentProps={
          Object {
            "CellRendererComponent": [Function],
            "activeSlideAlignment": "center",
            "activeSlideOffset": 20,
            "apparitionDelay": 0,
            "automaticallyAdjustContentInsets": false,
            "autoplay": false,
            "autoplayDelay": 1000,
            "autoplayInterval": 3000,
            "callbackOffsetMargin": 5,
            "collapsable": undefined,
            "containerCustomStyle": Object {},
            "contentContainerCustomStyle": Object {},
            "contentContainerStyle": Array [
              Object {
                "paddingLeft": 16,
                "paddingRight": 16,
              },
              Object {},
            ],
            "data": Array [
              Object {
                "abstract_sensors": Array [],
                "name": "unittest 1",
              },
            ],
            "decelerationRate": "fast",
            "directionalLockEnabled": true,
            "disableScrollViewPanResponder": false,
            "disableVirtualization": false,
            "enableSnap": true,
            "firstItem": 0,
            "forwardedRef": [Function],
            "getItem": [Function],
            "getItemCount": [Function],
            "getItemLayout": [Function],
            "hasParallaxImages": false,
            "horizontal": true,
            "inactiveSlideOpacity": 0.7,
            "inactiveSlideScale": 1,
            "inactiveSlideShift": 0,
            "initialNumToRender": 7,
            "initialScrollIndex": 0,
            "inverted": false,
            "itemWidth": 718,
            "keyExtractor": [Function],
            "layout": "default",
            "loop": false,
            "loopClonesPerSide": 3,
            "maxToRenderPerBatch": 11,
            "onEndReachedThreshold": 2,
            "onLayout": [Function],
            "onMomentumScrollEnd": [Function],
            "onScroll": [Function],
            "onTouchEnd": [Function],
            "onTouchStart": [Function],
            "overScrollMode": "never",
            "pinchGestureEnabled": false,
            "pointerEvents": "auto",
            "removeClippedSubviews": false,
            "renderItem": [Function],
            "scrollEnabled": true,
            "scrollEventThrottle": 1,
            "scrollsToTop": false,
            "shouldOptimizeUpdates": true,
            "showsHorizontalScrollIndicator": false,
            "showsVerticalScrollIndicator": false,
            "slideStyle": Object {},
            "sliderWidth": 750,
            "snapToOffsets": Array [
              0,
            ],
            "style": Object {
              "flexDirection": "row",
              "width": 750,
            },
            "updateCellsBatchingPeriod": 50,
            "useExperimentalSnap": false,
            "useScrollView": false,
            "vertical": false,
            "viewabilityConfigCallbackPairs": Array [],
            "windowSize": 11,
          }
        }
        style={
          Array [
            Array [
              Object {
                "flexDirection": "row",
              },
              null,
            ],
            Object {
              "zIndex": 1,
            },
          ]
        }
      >
        <View
          pointerEvents="box-none"
          style={
            Object {
              "opacity": 1,
              "width": 718,
            }
          }
        >
          <View
            style={
              Object {
                "paddingLeft": 0,
                "paddingRight": 0,
              }
            }
          >
            <View
              accessible={true}
              focusable={true}
              onClick={[Function]}
              onResponderGrant={[Function]}
              onResponderMove={[Function]}
              onResponderRelease={[Function]}
              onResponderTerminate={[Function]}
              onResponderTerminationRequest={[Function]}
              onStartShouldSetResponder={[Function]}
              style={
                Object {
                  "height": 121,
                  "marginBottom": 16,
                  "opacity": 1,
                }
              }
            >
              <View
                style={
                  Object {
                    "backgroundColor": "rgba(0,0,0,0.4)",
                    "borderRadius": 10,
                    "height": "100%",
                    "left": 0,
                    "position": "absolute",
                    "top": 0,
                    "width": "100%",
                    "zIndex": 2,
                  }
                }
              />
              <Image
                defaultSource={
                  Object {
                    "testUri": "../../../App/Images/Unit/UnitBG.png",
                  }
                }
                resizeMode="cover"
                source={
                  Object {
                    "uri": undefined,
                  }
                }
                style={
                  Object {
                    "borderRadius": 10,
                    "height": "100%",
                    "left": 0,
                    "position": "absolute",
                    "right": 0,
                    "top": 0,
                    "width": "100%",
                  }
                }
              />
              <Text
                style={
                  Array [
                    Object {
                      "color": "#000",
                      "fontFamily": "SFProDisplay-Bold",
                      "fontSize": undefined,
                      "lineHeight": undefined,
                      "textAlign": "left",
                      "textDecorationLine": "none",
                    },
                    Object {
                      "bottom": 16,
                      "color": "#FFFFFF",
                      "fontSize": 20,
                      "fontWeight": null,
                      "left": 16,
                      "lineHeight": 28,
                      "position": "absolute",
                      "zIndex": 3,
                    },
                  ]
                }
              >
                unittest 1
              </Text>
            </View>
          </View>
        </View>
      </View>
    </View>
  </RCTScrollView>
</View>
`;
