// Jest Snapshot v1, https://goo.gl/fbAQLP

exports[`Test AddressInfo  render address info 1`] = `
<View
  style={
    Object {
      "borderBottomColor": "#E8E8E8",
      "borderBottomWidth": 1,
      "flexDirection": "row",
    }
  }
>
  <View
    style={
      Object {
        "height": 70,
        "width": 70,
      }
    }
  >
    <View
      style={
        Array [
          Object {
            "overflow": "hidden",
          },
          Object {
            "height": 70,
            "width": 70,
          },
        ]
      }
    >
      <FastImageView
        resizeMode="cover"
        source={
          Object {
            "uri": undefined,
          }
        }
        style={
          Object {
            "bottom": 0,
            "left": 0,
            "position": "absolute",
            "right": 0,
            "top": 0,
          }
        }
      />
    </View>
  </View>
  <View
    style={
      Object {
        "flex": 1,
        "marginLeft": 8,
        "paddingBottom": 16,
      }
    }
  >
    <Text
      numberOfLines={1}
      style={
        Array [
          Object {
            "color": "#262626",
            "fontFamily": "SFProDisplay-Semibold",
            "fontSize": 14,
            "lineHeight": 22,
            "textAlign": "left",
            "textDecorationLine": "none",
          },
          Object {},
        ]
      }
    />
    <Text
      numberOfLines={1}
      style={
        Array [
          Object {
            "color": "#595959",
            "fontFamily": "SFProDisplay-Regular",
            "fontSize": 12,
            "lineHeight": 20,
            "textAlign": "left",
            "textDecorationLine": "none",
          },
          Object {
            "marginTop": 4,
          },
        ]
      }
    />
    <Text
      style={
        Array [
          Object {
            "color": "#262626",
            "fontFamily": "SFProDisplay-Semibold",
            "fontSize": 12,
            "lineHeight": 20,
            "textAlign": "left",
            "textDecorationLine": "none",
          },
          Object {
            "marginTop": 4,
          },
        ]
      }
    >
      NaN Ä‘
    </Text>
  </View>
</View>
`;
