// Jest Snapshot v1, https://goo.gl/fbAQLP

exports[`Test HeaderDrawer create HeaderDrawer 1`] = `
<View
  style={
    Array [
      Object {
        "alignItems": "center",
        "flexDirection": "row",
        "justifyContent": "flex-start",
      },
      Object {
        "paddingLeft": 28,
        "paddingRight": 23,
        "paddingTop": 32,
      },
    ]
  }
>
  <Image
    source={
      Object {
        "testUri": "../../../App/Images/logo.png",
      }
    }
    style={
      Object {
        "height": 16,
        "left": 30,
        "position": "absolute",
        "top": 10,
        "width": 32,
      }
    }
  />
  <View
    style={
      Object {
        "borderBottomColor": "#E8E8E8",
        "borderBottomWidth": 1,
        "flex": 1,
        "flexDirection": "row",
        "paddingVertical": 22,
      }
    }
  >
    <View
      style={
        Array [
          Object {
            "overflow": "hidden",
          },
          Object {
            "alignItems": "center",
            "borderColor": "#D9D9D9",
            "borderRadius": 25,
            "borderWidth": 0.5,
            "height": 50,
            "justifyContent": "center",
            "width": 50,
          },
        ]
      }
    >
      <FastImageView
        resizeMode="cover"
        source={
          Object {
            "uri": "avatar",
          }
        }
        style={
          Object {
            "bottom": 0,
            "left": 0,
            "position": "absolute",
            "right": 0,
            "top": 0,
          }
        }
      />
    </View>
    <View
      style={
        Object {
          "flex": 1,
          "justifyContent": "flex-start",
          "marginLeft": 15,
        }
      }
    >
      <Text
        style={
          Array [
            Object {
              "color": "#262626",
              "fontFamily": "SFProDisplay-Bold",
              "fontSize": 16,
              "lineHeight": 24,
              "textAlign": "left",
              "textDecorationLine": "none",
            },
            Object {
              "marginBottom": 6,
            },
          ]
        }
      >
        Name
      </Text>
      <Text
        style={
          Array [
            Object {
              "color": "#595959",
              "fontFamily": "SFProDisplay-Regular",
              "fontSize": 14,
              "lineHeight": 22,
              "textAlign": "left",
              "textDecorationLine": "none",
            },
            Object {
              "backgroundColor": "transparent",
            },
          ]
        }
      />
    </View>
  </View>
</View>
`;
