// Jest Snapshot v1, https://goo.gl/fbAQLP

exports[`Test ItemAverage render ItemAverage 1`] = `
<View
  style={
    Object {
      "alignItems": "center",
      "borderColor": "#E8E8E8",
      "borderRadius": 5,
      "borderWidth": 1,
      "flexDirection": "row",
      "marginRight": 8,
      "paddingLeft": 8,
      "paddingRight": 16,
      "paddingVertical": 9,
    }
  }
>
  <Text
    style={
      Array [
        Object {
          "color": "#262626",
          "fontFamily": "SFProDisplay-Regular",
          "fontSize": 14,
          "lineHeight": 14,
          "textAlign": "left",
          "textDecorationLine": "none",
        },
        Object {
          "marginLeft": 12,
        },
      ]
    }
  />
</View>
`;
