// Jest Snapshot v1, https://goo.gl/fbAQLP

exports[`Test button popup create button popup 1`] = `
<Modal
  animationType="none"
  deviceHeight={null}
  deviceWidth={null}
  hardwareAccelerated={false}
  hideModalContentWhileAnimating={false}
  onBackdropPress={[Function]}
  onModalHide={[Function]}
  onModalWillHide={[Function]}
  onModalWillShow={[Function]}
  onRequestClose={[Function]}
  scrollHorizontal={false}
  scrollOffset={0}
  scrollOffsetMax={0}
  scrollTo={null}
  supportedOrientations={
    Array [
      "portrait",
      "landscape",
    ]
  }
  swipeThreshold={100}
  testID="MODAL_BUTTON_POPUP"
  transparent={true}
  visible={false}
>
  <View
    accessible={true}
    focusable={true}
    forwardedRef={[Function]}
    onClick={[Function]}
    onResponderGrant={[Function]}
    onResponderMove={[Function]}
    onResponderRelease={[Function]}
    onResponderTerminate={[Function]}
    onResponderTerminationRequest={[Function]}
    onStartShouldSetResponder={[Function]}
    style={
      Object {
        "backgroundColor": "black",
        "bottom": 0,
        "height": 1334,
        "left": 0,
        "opacity": 0,
        "position": "absolute",
        "right": 0,
        "top": 0,
        "width": 750,
      }
    }
  />
  <View
    deviceHeight={null}
    deviceWidth={null}
    forwardedRef={[Function]}
    hideModalContentWhileAnimating={false}
    onBackdropPress={[Function]}
    onModalHide={[Function]}
    onModalWillHide={[Function]}
    onModalWillShow={[Function]}
    pointerEvents="box-none"
    scrollHorizontal={false}
    scrollOffset={0}
    scrollOffsetMax={0}
    scrollTo={null}
    style={
      Object {
        "flex": 1,
        "justifyContent": "center",
        "margin": 37.5,
        "transform": Array [
          Object {
            "translateY": 0,
          },
        ],
      }
    }
    supportedOrientations={
      Array [
        "portrait",
        "landscape",
      ]
    }
    swipeThreshold={100}
  >
    <View
      style={
        Object {
          "backgroundColor": "#FFFFFF",
          "borderRadius": 10,
          "position": "absolute",
          "width": "100%",
        }
      }
    >
      <View
        style={
          Object {
            "backgroundColor": "#FFFFFF",
            "borderRadius": 10,
            "flex": 1,
            "flexDirection": "column",
            "marginBottom": 20,
            "position": "relative",
          }
        }
      >
        <View>
          <Text
            style={
              Array [
                Object {
                  "color": "#595959",
                  "fontFamily": "antoutline",
                  "fontSize": 22,
                  "fontStyle": "normal",
                  "fontWeight": "normal",
                },
                Object {
                  "position": "absolute",
                  "right": 20,
                  "top": 20,
                  "zIndex": 1,
                },
              ]
            }
          >
            î©Œ
          </Text>
        </View>
        <View
          style={
            Array [
              Object {
                "padding": 16,
                "paddingTop": 60,
              },
              undefined,
            ]
          }
        />
        <View
          style={
            Array [
              Object {
                "bottom": 0,
                "flex": 1,
                "left": 0,
                "paddingHorizontal": 16,
                "paddingVertical": 8,
                "position": "absolute",
                "right": 0,
              },
              Object {
                "flexDirection": "row-reverse",
                "justifyContent": "center",
              },
              Array [
                Object {
                  "marginBottom": 24,
                  "position": "relative",
                },
                Object {
                  "marginBottom": 0,
                },
              ],
            ]
          }
        >
          <View
            accessible={true}
            focusable={true}
            onClick={[Function]}
            onResponderGrant={[Function]}
            onResponderMove={[Function]}
            onResponderRelease={[Function]}
            onResponderTerminate={[Function]}
            onResponderTerminationRequest={[Function]}
            onStartShouldSetResponder={[Function]}
            style={
              Object {
                "alignItems": "center",
                "backgroundColor": "#00979D",
                "borderRadius": 28,
                "borderWidth": 0,
                "flex": 1,
                "height": 48,
                "justifyContent": "center",
                "marginLeft": 4,
                "opacity": 1,
                "width": "100%",
              }
            }
            testID="BUTTON_POPUPBOTTOM_VIEW_MAIN"
          >
            <View
              style={
                Object {
                  "alignItems": "center",
                  "flex": 1,
                  "flexDirection": "row",
                  "justifyContent": "center",
                }
              }
            >
              <Text
                style={
                  Array [
                    Object {
                      "color": "#FFFFFF",
                      "fontFamily": "SFProDisplay-Semibold",
                      "fontSize": 16,
                      "lineHeight": 24,
                      "textAlign": "left",
                      "textDecorationLine": "none",
                    },
                    Object {},
                  ]
                }
              >
                Main title
              </Text>
            </View>
          </View>
          <View
            accessible={true}
            focusable={true}
            onClick={[Function]}
            onResponderGrant={[Function]}
            onResponderMove={[Function]}
            onResponderRelease={[Function]}
            onResponderTerminate={[Function]}
            onResponderTerminationRequest={[Function]}
            onStartShouldSetResponder={[Function]}
            style={
              Object {
                "alignItems": "center",
                "backgroundColor": "#FFFFFF",
                "borderColor": "#E8E8E8",
                "borderRadius": 28,
                "borderWidth": 1,
                "flex": 1,
                "height": 48,
                "justifyContent": "center",
                "marginRight": 4,
                "opacity": 1,
                "width": "100%",
              }
            }
            testID="BUTTON_POPUPBOTTOM_VIEW_SECONDARY"
          >
            <View
              style={
                Object {
                  "alignItems": "center",
                  "flex": 1,
                  "flexDirection": "row",
                  "justifyContent": "center",
                }
              }
            >
              <Text
                style={
                  Array [
                    Object {
                      "color": "#595959",
                      "fontFamily": "SFProDisplay-Semibold",
                      "fontSize": 16,
                      "lineHeight": 24,
                      "textAlign": "left",
                      "textDecorationLine": "none",
                    },
                    Object {},
                  ]
                }
              >
                Second title
              </Text>
            </View>
          </View>
        </View>
        <View
          style={
            Array [
              Object {
                "bottom": 0,
                "flex": 1,
                "left": 0,
                "paddingHorizontal": 16,
                "paddingVertical": 8,
                "position": "absolute",
                "right": 0,
              },
              false,
              Object {
                "marginBottom": 24,
                "position": "relative",
              },
            ]
          }
        >
          <View
            accessible={true}
            focusable={true}
            onClick={[Function]}
            onResponderGrant={[Function]}
            onResponderMove={[Function]}
            onResponderRelease={[Function]}
            onResponderTerminate={[Function]}
            onResponderTerminationRequest={[Function]}
            onStartShouldSetResponder={[Function]}
            style={
              Object {
                "alignItems": "center",
                "backgroundColor": "#00979D",
                "borderRadius": 28,
                "borderWidth": 0,
                "flex": 1,
                "height": 48,
                "justifyContent": "center",
                "opacity": 1,
                "width": "100%",
              }
            }
            testID="BOTTOM_VIEW_MAIN"
          >
            <View
              style={
                Object {
                  "alignItems": "center",
                  "flex": 1,
                  "flexDirection": "row",
                  "justifyContent": "center",
                }
              }
            >
              <Text
                style={
                  Array [
                    Object {
                      "color": "#FFFFFF",
                      "fontFamily": "SFProDisplay-Semibold",
                      "fontSize": 16,
                      "lineHeight": 24,
                      "textAlign": "left",
                      "textDecorationLine": "none",
                    },
                    Object {},
                  ]
                }
              >
                thirdTitle
              </Text>
            </View>
          </View>
        </View>
      </View>
    </View>
  </View>
</Modal>
`;
