// Jest Snapshot v1, https://goo.gl/fbAQLP

exports[`Test DisconnectedView render DisconnectedView icon barrier 1`] = `
<View
  style={
    Object {
      "alignItems": "center",
      "flexDirection": "column",
      "justifyContent": "center",
      "paddingTop": 16,
    }
  }
>
  <View
    style={
      Array [
        Object {
          "backgroundColor": "#F5F5F5",
          "borderColor": "white",
          "borderRadius": 40,
          "borderWidth": 0,
          "height": 80,
          "width": 80,
        },
        undefined,
        Object {
          "alignItems": "center",
          "justifyContent": "center",
        },
      ]
    }
  >
    <View
      style={
        Array [
          Object {
            "backgroundColor": "#F0F2F5",
            "borderColor": "white",
            "borderRadius": 32,
            "borderWidth": 0,
            "height": 64,
            "width": 64,
          },
          undefined,
          Object {
            "alignItems": "center",
            "justifyContent": "center",
          },
        ]
      }
    >
      <SvgMock
        height={38}
        width={38}
      />
    </View>
  </View>
  <View
    style={
      Object {
        "alignItems": "center",
        "flexDirection": "row",
        "marginBottom": 24,
        "marginTop": 8,
      }
    }
  >
    <SvgMock
      height={16}
      width={16}
    />
    <Text
      style={
        Array [
          Object {
            "color": "#000",
            "fontFamily": "SFProDisplay-Regular",
            "fontSize": undefined,
            "lineHeight": undefined,
            "textAlign": "left",
            "textDecorationLine": "none",
          },
          Object {
            "color": "#F5222D",
            "fontSize": 14,
            "marginLeft": 10,
          },
        ]
      }
    >
      Ngắt kết nối
    </Text>
  </View>
  <View
    style={
      Object {
        "padding": 10,
        "width": "100%",
      }
    }
  >
    <View
      style={
        Object {
          "alignItems": "center",
          "flexDirection": "row",
          "marginBottom": 9,
        }
      }
    >
      <Text
        style={
          Array [
            Object {
              "color": "black",
              "fontFamily": "antoutline",
              "fontSize": 16,
              "fontStyle": "normal",
              "fontWeight": "normal",
            },
            undefined,
          ]
        }
      >
        
      </Text>
      <Text
        style={
          Array [
            Object {
              "color": "#000",
              "fontFamily": "SFProDisplay-Bold",
              "fontSize": undefined,
              "lineHeight": undefined,
              "textAlign": "left",
              "textDecorationLine": "none",
            },
            Object {
              "color": "#595959",
              "fontSize": 12,
              "marginLeft": 10,
            },
          ]
        }
      >
        Gợi ý
        :
      </Text>
    </View>
    <View
      style={
        Object {
          "alignItems": "center",
          "flexDirection": "row",
          "marginBottom": 16,
        }
      }
    >
      <View
        style={
          Array [
            Object {
              "backgroundColor": "#595959",
              "borderColor": "white",
              "borderRadius": 3,
              "borderWidth": 0,
              "height": 6,
              "width": 6,
            },
            undefined,
            undefined,
          ]
        }
      />
      <Text
        style={
          Array [
            Object {
              "color": "#000",
              "fontFamily": "SFProDisplay-Regular",
              "fontSize": undefined,
              "lineHeight": undefined,
              "textAlign": "left",
              "textDecorationLine": "none",
            },
            Object {
              "color": "#595959",
              "fontSize": 14,
              "marginLeft": 8,
            },
          ]
        }
      >
        Kiểm tra lại nguồn điện của thiết bị.
      </Text>
    </View>
    <View
      style={
        Object {
          "alignItems": "center",
          "flexDirection": "row",
          "marginBottom": 16,
        }
      }
    >
      <View
        style={
          Array [
            Object {
              "backgroundColor": "#595959",
              "borderColor": "white",
              "borderRadius": 3,
              "borderWidth": 0,
              "height": 6,
              "width": 6,
            },
            undefined,
            undefined,
          ]
        }
      />
      <Text
        style={
          Array [
            Object {
              "color": "#000",
              "fontFamily": "SFProDisplay-Regular",
              "fontSize": undefined,
              "lineHeight": undefined,
              "textAlign": "left",
              "textDecorationLine": "none",
            },
            Object {
              "color": "#595959",
              "fontSize": 14,
              "marginLeft": 8,
            },
          ]
        }
      >
        Kiểm tra lại Wi-Fi/tín hiệu di động hoặc thử khởi động lại.
      </Text>
    </View>
  </View>
</View>
`;

exports[`Test DisconnectedView render DisconnectedView icon dooor 1`] = `
<View
  style={
    Object {
      "alignItems": "center",
      "flexDirection": "column",
      "justifyContent": "center",
      "paddingTop": 16,
    }
  }
>
  <View
    style={
      Array [
        Object {
          "backgroundColor": "#F5F5F5",
          "borderColor": "white",
          "borderRadius": 40,
          "borderWidth": 0,
          "height": 80,
          "width": 80,
        },
        undefined,
        Object {
          "alignItems": "center",
          "justifyContent": "center",
        },
      ]
    }
  >
    <View
      style={
        Array [
          Object {
            "backgroundColor": "#F0F2F5",
            "borderColor": "white",
            "borderRadius": 32,
            "borderWidth": 0,
            "height": 64,
            "width": 64,
          },
          undefined,
          Object {
            "alignItems": "center",
            "justifyContent": "center",
          },
        ]
      }
    >
      <SvgMock
        height={38}
        width={38}
      />
    </View>
  </View>
  <View
    style={
      Object {
        "alignItems": "center",
        "flexDirection": "row",
        "marginBottom": 24,
        "marginTop": 8,
      }
    }
  >
    <SvgMock
      height={16}
      width={16}
    />
    <Text
      style={
        Array [
          Object {
            "color": "#000",
            "fontFamily": "SFProDisplay-Regular",
            "fontSize": undefined,
            "lineHeight": undefined,
            "textAlign": "left",
            "textDecorationLine": "none",
          },
          Object {
            "color": "#F5222D",
            "fontSize": 14,
            "marginLeft": 10,
          },
        ]
      }
    >
      Ngắt kết nối
    </Text>
  </View>
  <View
    style={
      Object {
        "padding": 10,
        "width": "100%",
      }
    }
  >
    <View
      style={
        Object {
          "alignItems": "center",
          "flexDirection": "row",
          "marginBottom": 9,
        }
      }
    >
      <Text
        style={
          Array [
            Object {
              "color": "black",
              "fontFamily": "antoutline",
              "fontSize": 16,
              "fontStyle": "normal",
              "fontWeight": "normal",
            },
            undefined,
          ]
        }
      >
        
      </Text>
      <Text
        style={
          Array [
            Object {
              "color": "#000",
              "fontFamily": "SFProDisplay-Bold",
              "fontSize": undefined,
              "lineHeight": undefined,
              "textAlign": "left",
              "textDecorationLine": "none",
            },
            Object {
              "color": "#595959",
              "fontSize": 12,
              "marginLeft": 10,
            },
          ]
        }
      >
        Gợi ý
        :
      </Text>
    </View>
    <View
      style={
        Object {
          "alignItems": "center",
          "flexDirection": "row",
          "marginBottom": 16,
        }
      }
    >
      <View
        style={
          Array [
            Object {
              "backgroundColor": "#595959",
              "borderColor": "white",
              "borderRadius": 3,
              "borderWidth": 0,
              "height": 6,
              "width": 6,
            },
            undefined,
            undefined,
          ]
        }
      />
      <Text
        style={
          Array [
            Object {
              "color": "#000",
              "fontFamily": "SFProDisplay-Regular",
              "fontSize": undefined,
              "lineHeight": undefined,
              "textAlign": "left",
              "textDecorationLine": "none",
            },
            Object {
              "color": "#595959",
              "fontSize": 14,
              "marginLeft": 8,
            },
          ]
        }
      >
        Kiểm tra lại nguồn điện của thiết bị.
      </Text>
    </View>
    <View
      style={
        Object {
          "alignItems": "center",
          "flexDirection": "row",
          "marginBottom": 16,
        }
      }
    >
      <View
        style={
          Array [
            Object {
              "backgroundColor": "#595959",
              "borderColor": "white",
              "borderRadius": 3,
              "borderWidth": 0,
              "height": 6,
              "width": 6,
            },
            undefined,
            undefined,
          ]
        }
      />
      <Text
        style={
          Array [
            Object {
              "color": "#000",
              "fontFamily": "SFProDisplay-Regular",
              "fontSize": undefined,
              "lineHeight": undefined,
              "textAlign": "left",
              "textDecorationLine": "none",
            },
            Object {
              "color": "#595959",
              "fontSize": 14,
              "marginLeft": 8,
            },
          ]
        }
      >
        Kiểm tra lại Wi-Fi/tín hiệu di động hoặc thử khởi động lại.
      </Text>
    </View>
  </View>
</View>
`;

exports[`Test DisconnectedView render DisconnectedView icon sensor 1`] = `
<View
  style={
    Object {
      "alignItems": "center",
      "flexDirection": "column",
      "justifyContent": "center",
      "paddingTop": 16,
    }
  }
>
  <View
    style={
      Array [
        Object {
          "backgroundColor": "#F5F5F5",
          "borderColor": "white",
          "borderRadius": 40,
          "borderWidth": 0,
          "height": 80,
          "width": 80,
        },
        undefined,
        Object {
          "alignItems": "center",
          "justifyContent": "center",
        },
      ]
    }
  >
    <View
      style={
        Array [
          Object {
            "backgroundColor": "#F0F2F5",
            "borderColor": "white",
            "borderRadius": 32,
            "borderWidth": 0,
            "height": 64,
            "width": 64,
          },
          undefined,
          Object {
            "alignItems": "center",
            "justifyContent": "center",
          },
        ]
      }
    >
      <SvgMock
        height={38}
        width={38}
      />
    </View>
  </View>
  <View
    style={
      Object {
        "alignItems": "center",
        "flexDirection": "row",
        "marginBottom": 24,
        "marginTop": 8,
      }
    }
  >
    <SvgMock
      height={16}
      width={16}
    />
    <Text
      style={
        Array [
          Object {
            "color": "#000",
            "fontFamily": "SFProDisplay-Regular",
            "fontSize": undefined,
            "lineHeight": undefined,
            "textAlign": "left",
            "textDecorationLine": "none",
          },
          Object {
            "color": "#F5222D",
            "fontSize": 14,
            "marginLeft": 10,
          },
        ]
      }
    >
      Ngắt kết nối
    </Text>
  </View>
  <View
    style={
      Object {
        "padding": 10,
        "width": "100%",
      }
    }
  >
    <View
      style={
        Object {
          "alignItems": "center",
          "flexDirection": "row",
          "marginBottom": 9,
        }
      }
    >
      <Text
        style={
          Array [
            Object {
              "color": "black",
              "fontFamily": "antoutline",
              "fontSize": 16,
              "fontStyle": "normal",
              "fontWeight": "normal",
            },
            undefined,
          ]
        }
      >
        
      </Text>
      <Text
        style={
          Array [
            Object {
              "color": "#000",
              "fontFamily": "SFProDisplay-Bold",
              "fontSize": undefined,
              "lineHeight": undefined,
              "textAlign": "left",
              "textDecorationLine": "none",
            },
            Object {
              "color": "#595959",
              "fontSize": 12,
              "marginLeft": 10,
            },
          ]
        }
      >
        Gợi ý
        :
      </Text>
    </View>
    <View
      style={
        Object {
          "alignItems": "center",
          "flexDirection": "row",
          "marginBottom": 16,
        }
      }
    >
      <View
        style={
          Array [
            Object {
              "backgroundColor": "#595959",
              "borderColor": "white",
              "borderRadius": 3,
              "borderWidth": 0,
              "height": 6,
              "width": 6,
            },
            undefined,
            undefined,
          ]
        }
      />
      <Text
        style={
          Array [
            Object {
              "color": "#000",
              "fontFamily": "SFProDisplay-Regular",
              "fontSize": undefined,
              "lineHeight": undefined,
              "textAlign": "left",
              "textDecorationLine": "none",
            },
            Object {
              "color": "#595959",
              "fontSize": 14,
              "marginLeft": 8,
            },
          ]
        }
      >
        Kiểm tra lại nguồn điện của thiết bị.
      </Text>
    </View>
    <View
      style={
        Object {
          "alignItems": "center",
          "flexDirection": "row",
          "marginBottom": 16,
        }
      }
    >
      <View
        style={
          Array [
            Object {
              "backgroundColor": "#595959",
              "borderColor": "white",
              "borderRadius": 3,
              "borderWidth": 0,
              "height": 6,
              "width": 6,
            },
            undefined,
            undefined,
          ]
        }
      />
      <Text
        style={
          Array [
            Object {
              "color": "#000",
              "fontFamily": "SFProDisplay-Regular",
              "fontSize": undefined,
              "lineHeight": undefined,
              "textAlign": "left",
              "textDecorationLine": "none",
            },
            Object {
              "color": "#595959",
              "fontSize": 14,
              "marginLeft": 8,
            },
          ]
        }
      >
        Kiểm tra lại Wi-Fi/tín hiệu di động hoặc thử khởi động lại.
      </Text>
    </View>
  </View>
</View>
`;

exports[`Test DisconnectedView render DisconnectedView icon test 1`] = `
<View
  style={
    Object {
      "alignItems": "center",
      "flexDirection": "column",
      "justifyContent": "center",
      "paddingTop": 16,
    }
  }
>
  <View
    style={
      Array [
        Object {
          "backgroundColor": "#F5F5F5",
          "borderColor": "white",
          "borderRadius": 40,
          "borderWidth": 0,
          "height": 80,
          "width": 80,
        },
        undefined,
        Object {
          "alignItems": "center",
          "justifyContent": "center",
        },
      ]
    }
  >
    <View
      style={
        Array [
          Object {
            "backgroundColor": "#F0F2F5",
            "borderColor": "white",
            "borderRadius": 32,
            "borderWidth": 0,
            "height": 64,
            "width": 64,
          },
          undefined,
          Object {
            "alignItems": "center",
            "justifyContent": "center",
          },
        ]
      }
    >
      <SvgMock
        height={38}
        width={38}
      />
    </View>
  </View>
  <View
    style={
      Object {
        "alignItems": "center",
        "flexDirection": "row",
        "marginBottom": 24,
        "marginTop": 8,
      }
    }
  >
    <SvgMock
      height={16}
      width={16}
    />
    <Text
      style={
        Array [
          Object {
            "color": "#000",
            "fontFamily": "SFProDisplay-Regular",
            "fontSize": undefined,
            "lineHeight": undefined,
            "textAlign": "left",
            "textDecorationLine": "none",
          },
          Object {
            "color": "#F5222D",
            "fontSize": 14,
            "marginLeft": 10,
          },
        ]
      }
    >
      Ngắt kết nối
    </Text>
  </View>
  <View
    style={
      Object {
        "padding": 10,
        "width": "100%",
      }
    }
  >
    <View
      style={
        Object {
          "alignItems": "center",
          "flexDirection": "row",
          "marginBottom": 9,
        }
      }
    >
      <Text
        style={
          Array [
            Object {
              "color": "black",
              "fontFamily": "antoutline",
              "fontSize": 16,
              "fontStyle": "normal",
              "fontWeight": "normal",
            },
            undefined,
          ]
        }
      >
        
      </Text>
      <Text
        style={
          Array [
            Object {
              "color": "#000",
              "fontFamily": "SFProDisplay-Bold",
              "fontSize": undefined,
              "lineHeight": undefined,
              "textAlign": "left",
              "textDecorationLine": "none",
            },
            Object {
              "color": "#595959",
              "fontSize": 12,
              "marginLeft": 10,
            },
          ]
        }
      >
        Gợi ý
        :
      </Text>
    </View>
    <View
      style={
        Object {
          "alignItems": "center",
          "flexDirection": "row",
          "marginBottom": 16,
        }
      }
    >
      <View
        style={
          Array [
            Object {
              "backgroundColor": "#595959",
              "borderColor": "white",
              "borderRadius": 3,
              "borderWidth": 0,
              "height": 6,
              "width": 6,
            },
            undefined,
            undefined,
          ]
        }
      />
      <Text
        style={
          Array [
            Object {
              "color": "#000",
              "fontFamily": "SFProDisplay-Regular",
              "fontSize": undefined,
              "lineHeight": undefined,
              "textAlign": "left",
              "textDecorationLine": "none",
            },
            Object {
              "color": "#595959",
              "fontSize": 14,
              "marginLeft": 8,
            },
          ]
        }
      >
        Kiểm tra lại nguồn điện của thiết bị.
      </Text>
    </View>
    <View
      style={
        Object {
          "alignItems": "center",
          "flexDirection": "row",
          "marginBottom": 16,
        }
      }
    >
      <View
        style={
          Array [
            Object {
              "backgroundColor": "#595959",
              "borderColor": "white",
              "borderRadius": 3,
              "borderWidth": 0,
              "height": 6,
              "width": 6,
            },
            undefined,
            undefined,
          ]
        }
      />
      <Text
        style={
          Array [
            Object {
              "color": "#000",
              "fontFamily": "SFProDisplay-Regular",
              "fontSize": undefined,
              "lineHeight": undefined,
              "textAlign": "left",
              "textDecorationLine": "none",
            },
            Object {
              "color": "#595959",
              "fontSize": 14,
              "marginLeft": 8,
            },
          ]
        }
      >
        Kiểm tra lại Wi-Fi/tín hiệu di động hoặc thử khởi động lại.
      </Text>
    </View>
  </View>
</View>
`;

exports[`Test DisconnectedView render DisconnectedView icon wind 1`] = `
<View
  style={
    Object {
      "alignItems": "center",
      "flexDirection": "column",
      "justifyContent": "center",
      "paddingTop": 16,
    }
  }
>
  <View
    style={
      Array [
        Object {
          "backgroundColor": "#F5F5F5",
          "borderColor": "white",
          "borderRadius": 40,
          "borderWidth": 0,
          "height": 80,
          "width": 80,
        },
        undefined,
        Object {
          "alignItems": "center",
          "justifyContent": "center",
        },
      ]
    }
  >
    <View
      style={
        Array [
          Object {
            "backgroundColor": "#F0F2F5",
            "borderColor": "white",
            "borderRadius": 32,
            "borderWidth": 0,
            "height": 64,
            "width": 64,
          },
          undefined,
          Object {
            "alignItems": "center",
            "justifyContent": "center",
          },
        ]
      }
    >
      <SvgMock
        height={38}
        width={38}
      />
    </View>
  </View>
  <View
    style={
      Object {
        "alignItems": "center",
        "flexDirection": "row",
        "marginBottom": 24,
        "marginTop": 8,
      }
    }
  >
    <SvgMock
      height={16}
      width={16}
    />
    <Text
      style={
        Array [
          Object {
            "color": "#000",
            "fontFamily": "SFProDisplay-Regular",
            "fontSize": undefined,
            "lineHeight": undefined,
            "textAlign": "left",
            "textDecorationLine": "none",
          },
          Object {
            "color": "#F5222D",
            "fontSize": 14,
            "marginLeft": 10,
          },
        ]
      }
    >
      Ngắt kết nối
    </Text>
  </View>
  <View
    style={
      Object {
        "padding": 10,
        "width": "100%",
      }
    }
  >
    <View
      style={
        Object {
          "alignItems": "center",
          "flexDirection": "row",
          "marginBottom": 9,
        }
      }
    >
      <Text
        style={
          Array [
            Object {
              "color": "black",
              "fontFamily": "antoutline",
              "fontSize": 16,
              "fontStyle": "normal",
              "fontWeight": "normal",
            },
            undefined,
          ]
        }
      >
        
      </Text>
      <Text
        style={
          Array [
            Object {
              "color": "#000",
              "fontFamily": "SFProDisplay-Bold",
              "fontSize": undefined,
              "lineHeight": undefined,
              "textAlign": "left",
              "textDecorationLine": "none",
            },
            Object {
              "color": "#595959",
              "fontSize": 12,
              "marginLeft": 10,
            },
          ]
        }
      >
        Gợi ý
        :
      </Text>
    </View>
    <View
      style={
        Object {
          "alignItems": "center",
          "flexDirection": "row",
          "marginBottom": 16,
        }
      }
    >
      <View
        style={
          Array [
            Object {
              "backgroundColor": "#595959",
              "borderColor": "white",
              "borderRadius": 3,
              "borderWidth": 0,
              "height": 6,
              "width": 6,
            },
            undefined,
            undefined,
          ]
        }
      />
      <Text
        style={
          Array [
            Object {
              "color": "#000",
              "fontFamily": "SFProDisplay-Regular",
              "fontSize": undefined,
              "lineHeight": undefined,
              "textAlign": "left",
              "textDecorationLine": "none",
            },
            Object {
              "color": "#595959",
              "fontSize": 14,
              "marginLeft": 8,
            },
          ]
        }
      >
        Kiểm tra lại nguồn điện của thiết bị.
      </Text>
    </View>
    <View
      style={
        Object {
          "alignItems": "center",
          "flexDirection": "row",
          "marginBottom": 16,
        }
      }
    >
      <View
        style={
          Array [
            Object {
              "backgroundColor": "#595959",
              "borderColor": "white",
              "borderRadius": 3,
              "borderWidth": 0,
              "height": 6,
              "width": 6,
            },
            undefined,
            undefined,
          ]
        }
      />
      <Text
        style={
          Array [
            Object {
              "color": "#000",
              "fontFamily": "SFProDisplay-Regular",
              "fontSize": undefined,
              "lineHeight": undefined,
              "textAlign": "left",
              "textDecorationLine": "none",
            },
            Object {
              "color": "#595959",
              "fontSize": 14,
              "marginLeft": 8,
            },
          ]
        }
      >
        Kiểm tra lại Wi-Fi/tín hiệu di động hoặc thử khởi động lại.
      </Text>
    </View>
  </View>
</View>
`;
